TAP version 13
# Subtest: config expands a quoted tilde private-key path without exposing or mutating environment values
ok 1 - config expands a quoted tilde private-key path without exposing or mutating environment values
  ---
  duration_ms: 2.986417
  ...
# Subtest: 200% profit means triple initial cash; marks never trigger the target
ok 2 - 200% profit means triple initial cash; marks never trigger the target
  ---
  duration_ms: 1.077125
  ...
# Subtest: all bankrolls require valid finite configuration
ok 3 - all bankrolls require valid finite configuration
  ---
  duration_ms: 0.206375
  ...
# Subtest: order book derives asks from opposing bids and sorts unsorted levels
ok 4 - order book derives asks from opposing bids and sorts unsorted levels
  ---
  duration_ms: 0.091334
  ...
# Subtest: malformed and empty order books cannot produce orders
ok 5 - malformed and empty order books cannot produce orders
  ---
  duration_ms: 0.634875
  ...
# Subtest: fees, cash, depth, per-trade and total exposure bound quantity
ok 6 - fees, cash, depth, per-trade and total exposure bound quantity
  ---
  duration_ms: 0.168917
  ...
# Subtest: reject insufficient edge, unsourced analysis, correlated events and repeat trades
ok 7 - reject insufficient edge, unsourced analysis, correlated events and repeat trades
  ---
  duration_ms: 0.078417
  ...
# Subtest: closing and crossed markets are rejected
ok 8 - closing and crossed markets are rejected
  ---
  duration_ms: 0.061916
  ...
# Subtest: NO orders use ask in the single YES book at complementary price
ok 9 - NO orders use ask in the single YES book at complementary price
  ---
  duration_ms: 0.046875
  ...
# Subtest: fill and settlement cash is conserved and settlement is idempotent
ok 10 - fill and settlement cash is conserved and settlement is idempotent
  ---
  duration_ms: 0.17025
  ...
# Subtest: a bankroll fully invested is waiting for settlement, not exhausted
ok 11 - a bankroll fully invested is waiting for settlement, not exhausted
  ---
  duration_ms: 0.0445
  ...
# Subtest: unfunded or oversized fills cannot silently corrupt cash
ok 12 - unfunded or oversized fills cannot silently corrupt cash
  ---
  duration_ms: 0.063833
  ...
# Subtest: Kalshi signing uses RSA-PSS SHA256 and excludes query parameters
ok 13 - Kalshi signing uses RSA-PSS SHA256 and excludes query parameters
  ---
  duration_ms: 143.454583
  ...
# Subtest: paper broker never permits authenticated exchange writes
ok 14 - paper broker never permits authenticated exchange writes
  ---
  duration_ms: 0.205584
  ...
# Subtest: store has exclusive lock, durable roundtrip and does not reset corrupt state
ok 15 - store has exclusive lock, durable roundtrip and does not reset corrupt state
  ---
  duration_ms: 23.633584
  ...
# Subtest: paper cycle uses live-shaped data, simulates a fill, never calls broker buy
ok 16 - paper cycle uses live-shaped data, simulates a fill, never calls broker buy
  ---
  duration_ms: 1.134542
  ...
# Subtest: pause during model request prevents an order when the model returns
ok 17 - pause during model request prevents an order when the model returns
  ---
  duration_ms: 0.141459
  ...
# Subtest: target stops orders even when eligible opportunities exist
ok 18 - target stops orders even when eligible opportunities exist
  ---
  duration_ms: 0.405458
  ...
# Subtest: uncertain broker response persists intent and blocks automatic retry
ok 19 - uncertain broker response persists intent and blocks automatic retry
  ---
  duration_ms: 0.421042
  ...
# Subtest: unexpected account positions, balance and orders block execution
ok 20 - unexpected account positions, balance and orders block execution
  ---
  duration_ms: 0.124334
  ...
# Subtest: restart requires resume and pending intent cannot disappear
ok 21 - restart requires resume and pending intent cannot disappear
  ---
  duration_ms: 0.04
  ...
# Subtest: Jev filtering and cache avoid expensive OpenAI requests
ok 22 - Jev filtering and cache avoid expensive OpenAI requests
  ---
  duration_ms: 0.261459
  ...
# Subtest: OpenAI source URLs must be present in actual search metadata
ok 23 - OpenAI source URLs must be present in actual search metadata
  ---
  duration_ms: 0.243667
  ...
# Subtest: provider limits reserve failed calls and survive config edits
ok 24 - provider limits reserve failed calls and survive config edits
  ---
  duration_ms: 0.173291
  ...
# Subtest: daily model budget pauses research without stopping settlement monitoring
ok 25 - daily model budget pauses research without stopping settlement monitoring
  ---
  duration_ms: 0.102791
  ...
# Subtest: exact fill ledger handles fractional matches and actual fees without averages
ok 26 - exact fill ledger handles fractional matches and actual fees without averages
  ---
  duration_ms: 0.175041
  ...
# Subtest: demo adapter submits once then reads actual fills
ok 27 - demo adapter submits once then reads actual fills
  ---
  duration_ms: 0.0935
  ...
# Subtest: successive cycles rotate research instead of starving the rest of the watchlist
ok 28 - successive cycles rotate research instead of starving the rest of the watchlist
  ---
  duration_ms: 0.487917
  ...
# Subtest: account bankroll import uses available cash and preserves the daily model budget
ok 29 - account bankroll import uses available cash and preserves the daily model budget
  ---
  duration_ms: 0.145916
  ...
# Subtest: bankroll sync cannot rebase a traded or pending run
ok 30 - bankroll sync cannot rebase a traded or pending run
  ---
  duration_ms: 0.117333
  ...
# Subtest: bankroll sync rejects an occupied account and preserves the old ledger on failure
ok 31 - bankroll sync rejects an occupied account and preserves the old ledger on failure
  ---
  duration_ms: 0.059584
  ...
# Subtest: read-only Kalshi account client rejects POST and DELETE before transport
ok 32 - read-only Kalshi account client rejects POST and DELETE before transport
  ---
  duration_ms: 0.043333
  ...
# Subtest: a rejected estimate retains executable prices and the full entry threshold
ok 33 - a rejected estimate retains executable prices and the full entry threshold
  ---
  duration_ms: 0.168833
  ...
# Subtest: unsourced placeholder probabilities never appear as actionable economics
ok 34 - unsourced placeholder probabilities never appear as actionable economics
  ---
  duration_ms: 0.138833
  ...
# Subtest: scan reports pre-research rejections without spending model calls
ok 35 - scan reports pre-research rejections without spending model calls
  ---
  duration_ms: 0.2815
  ...
# Subtest: bankroll refresh and settings edits retain research, rotation and run identity
ok 36 - bankroll refresh and settings edits retain research, rotation and run identity
  ---
  duration_ms: 0.685208
  ...
# Subtest: a zero-fill order is recorded as unfilled rather than a completed trade
ok 37 - a zero-fill order is recorded as unfilled rather than a completed trade
  ---
  duration_ms: 0.293167
  ...
1..37
# tests 37
# suites 0
# pass 37
# fail 0
# cancelled 0
# skipped 0
# todo 0
# duration_ms 215.943292
